Richards: 1310
DeltaBlue: 1073
Crypto: 2965
RayTrace: 1822
EarleyBoyer: 3174
RegExp: 3200
Splay: 3377
NavierStokes: 6331
----
Score: 2524
V8V7_RAW_META	7	1
V8V7_RAW_RESULT	Richards	35302	2695.643754716981	13.09594412771595	1309.594412771595
V8V7_RAW_RESULT	DeltaBlue	66118	6161.474693251535	10.730872606263713	1073.0872606263713
V8V7_RAW_RESULT	Crypto	266181	2030.51064908722,39699.15605882352	29.647206566863822	2964.7206566863824
V8V7_RAW_RESULT	RayTrace	739989	40608.72334	18.222414770451635	1822.2414770451635
V8V7_RAW_RESULT	EarleyBoyer	666463	5646.303842696622,78077.06838461556	31.741845403827803	3174.18454038278
V8V7_RAW_RESULT	RegExp	910985	28464.77661111112	32.003939902496924	3200.3939902496923
V8V7_RAW_RESULT	Splay	81491	2413.191566265052	33.76897264982795	3376.897264982795
V8V7_RAW_RESULT	NavierStokes	1484000	23438.87209302328	63.3136267867481	6331.36267867481
V8V7_RAW_SCORE	25.243613796976536	2524.361379697654
