Richards: 1226
DeltaBlue: 1044
Crypto: 2820
RayTrace: 1821
EarleyBoyer: 3207
RegExp: 3229
Splay: 3661
NavierStokes: 6376
----
Score: 2512
V8V7_RAW_META	7	1
V8V7_RAW_RESULT	Richards	35302	2880.320640804598	12.256274353586775	1225.6274353586775
V8V7_RAW_RESULT	DeltaBlue	66118	6334.4388227848085	10.437862271583604	1043.7862271583604
V8V7_RAW_RESULT	Crypto	266181	2172.706164859002,41000.724999999984	28.20205698976949	2820.205698976949
V8V7_RAW_RESULT	RayTrace	739989	40645.37666000004	18.205982101975188	1820.5982101975187
V8V7_RAW_RESULT	EarleyBoyer	666463	5419.059459459459,79694.09507692329	32.07015166552309	3207.015166552309
V8V7_RAW_RESULT	RegExp	910985	28209.789361110983	32.29322233989637	3229.3222339896365
V8V7_RAW_RESULT	Splay	81491	2225.7744444444443	36.61242503857585	3661.242503857585
V8V7_RAW_RESULT	NavierStokes	1484000	23276.001953488325	63.75665386888301	6375.6653868883
V8V7_RAW_SCORE	25.124875457352008	2512.487545735201
