       Fresh unicode-ident v1.0.24
       Fresh proc-macro2 v1.0.107
       Fresh fastrand v2.5.0
       Fresh quote v1.0.47
       Fresh rustversion v1.0.23
       Fresh phf_generator v0.14.0
       Fresh autocfg v1.5.1
       Fresh stable_deref_trait v1.2.1
       Fresh foldhash v0.2.0
       Fresh syn v2.0.119
       Fresh syn v3.0.3
       Fresh writeable v0.6.4
       Fresh serde_derive v1.0.229
       Fresh synstructure v0.13.2
       Fresh phf_macros v0.14.0
       Fresh displaydoc v0.2.7
       Fresh zerovec-derive v0.11.6
       Fresh zerofrom-derive v0.1.7
       Fresh yoke-derive v0.8.2
       Fresh siphasher v1.0.3
       Fresh litemap v0.8.3
       Fresh zerofrom v0.1.8
       Fresh oxc_ast_macros v0.153.0
       Fresh yoke v0.8.3
       Fresh shlex v2.0.1
       Fresh zerovec v0.11.8
       Fresh zerotrie v0.2.5
       Fresh jobserver v0.1.35
       Fresh find-msvc-tools v0.1.11
       Fresh phf_shared v0.14.0
       Fresh tinystr v0.8.4
       Fresh potential_utf v0.1.6
       Fresh cc v1.4.4
       Fresh icu_locale_core v2.3.0
       Fresh pkg-config v0.3.34
       Fresh utf8_iter v1.0.4
       Fresh allocator-api2 v0.2.21
       Fresh icu_provider v2.3.1
       Fresh hashbrown v0.17.1
       Fresh icu_collections v2.3.0
       Fresh zmij v1.0.23
       Fresh serde_core v1.0.229
       Fresh phf v0.14.0
       Fresh castaway v0.2.4
       Fresh rustc-hash v2.1.3
       Fresh cfg-if v1.0.4
       Fresh itoa v1.0.18
       Fresh oxc_data_structures v0.153.0
       Fresh static_assertions v1.1.0
       Fresh serde v1.0.229
       Fresh icu_properties_data v2.3.0
       Fresh compact_str v0.10.0
       Fresh oxc_allocator v0.153.0
       Fresh oxc_estree v0.153.0
       Fresh icu_properties v2.3.0
       Fresh oxc_str v0.153.0
       Fresh libc v0.2.189
       Fresh crossbeam-utils v0.8.22
       Fresh icu_normalizer_data v2.3.0
       Fresh oxc_span v0.153.0
       Fresh unicode-width v0.2.2
       Fresh smawk v0.3.3
       Fresh version_check v0.9.5
       Fresh unicode-linebreak v0.1.5
       Fresh write16 v1.0.0
       Fresh cow-utils v0.1.3
       Fresh utf16_iter v1.0.5
       Fresh icu_locale_fallback_data v2.3.0
       Fresh icu_normalizer v2.3.0
       Fresh textwrap v0.16.2
       Fresh smallvec v1.15.2
       Fresh unicode-segmentation v1.13.3
       Fresh seq-macro v0.3.6
       Fresh memchr v2.8.3
       Fresh bitflags v2.13.1
       Fresh percent-encoding v2.3.2
       Fresh unicode-id-start v1.4.0
       Fresh core-foundation-sys v0.8.7
       Fresh nonmax v0.5.5
       Fresh bytecount v0.6.9
       Fresh oxc_index v5.0.0
       Fresh oxc_diagnostics v0.153.0
       Fresh num-traits v0.2.19
       Fresh dragonbox_ecma v0.1.12
       Fresh libm v0.2.16
       Fresh icu_locale_fallback v2.3.0
       Fresh either v1.18.0
       Fresh quench-stack v0.1.0 (/Users/admin/Code/GitHub/quench-v2/crates/quench-stack)
       Fresh vcpkg v0.2.15
       Fresh typenum v1.20.1
       Fresh equivalent v1.0.2
       Fresh generic-array v0.14.7
       Fresh indexmap v2.14.0
       Fresh oxc_regular_expression v0.153.0 (/Users/admin/Code/GitHub/quench-v2/vendor/oxc-regular-expression)
       Fresh crossbeam-epoch v0.9.20
       Fresh core_maths v0.1.1
       Fresh num-integer v0.1.47
       Fresh oxc_syntax v0.153.0
       Fresh iana-time-zone v0.1.65
       Fresh phf_shared v0.12.1
       Fresh aho-corasick v1.1.5
       Fresh once_cell v1.21.4
       Fresh tinyvec_macros v0.1.1
       Fresh scopeguard v1.2.0
       Fresh regex-syntax v0.8.11
       Fresh num-bigint v0.5.1
       Fresh phf v0.12.1
       Fresh tinyvec v1.12.0
       Fresh regex-automata v0.4.18
       Fresh oxc_ast v0.153.0
       Fresh chrono v0.4.45
       Fresh crossbeam-deque v0.8.7
       Fresh icu_plurals_data v2.3.0
       Fresh icu_calendar_data v2.3.0
       Fresh calendrical_calculations v0.2.4
       Fresh icu_casemap_data v2.3.0
       Fresh icu_collator_data v2.3.0
       Fresh fixed_decimal v0.7.2
       Fresh alloc-no-stdlib v2.0.4
       Fresh ixdtf v0.6.6
       Fresh icu_plurals v2.3.0
       Fresh oxc v0.153.0
       Fresh icu_collator v2.3.1
       Fresh alloc-stdlib v0.2.4
       Fresh icu_calendar v2.3.0
       Fresh icu_casemap v2.3.0
       Fresh chrono-tz v0.10.4
       Fresh regex v1.13.1
       Fresh parking_lot_core v0.9.12
       Fresh oxc_ecmascript v0.153.0
       Fresh rayon-core v1.13.0
       Fresh unicode-normalization v0.1.25
       Fresh lock_api v0.4.14
       Fresh tracing-core v0.1.36
       Fresh zstd-sys v2.1.0+zstd.1.5.7
       Fresh crypto-common v0.1.7
       Fresh block-buffer v0.10.4
       Fresh itertools v0.15.0
       Fresh idna_adapter v1.2.2
       Fresh oxc_ast_visit v0.153.0
       Fresh tracing-attributes v0.1.31
       Fresh thiserror-impl v1.0.69
       Fresh foreign-types-shared v0.1.1
       Fresh simdutf8 v0.1.5
       Fresh self_cell v1.3.0
       Fresh simd-adler32 v0.3.10
       Fresh semver v1.0.28
       Fresh pin-project-lite v0.2.17
       Fresh quench-temporal v0.1.0 (/Users/admin/Code/GitHub/quench-v2/crates/quench-temporal)
       Fresh hashbrown v0.14.5
       Fresh adler2 v2.0.1
       Fresh oxc_semantic v0.153.0
       Fresh wasmparser v0.247.0
       Fresh tracing v0.1.44
       Fresh quench-intl v0.1.0 (/Users/admin/Code/GitHub/quench-v2/crates/quench-intl)
       Fresh dashmap v6.2.1
       Fresh digest v0.10.7
       Fresh miniz_oxide v0.9.1
       Fresh idna v1.1.0
       Fresh foreign-types v0.3.2
       Fresh thiserror v1.0.69
       Fresh rayon v1.12.0
       Fresh oxc_parser v0.153.0 (/Users/admin/Code/GitHub/quench-v2/vendor/oxc-parser)
       Fresh zstd-safe v7.3.0
       Fresh crc32fast v1.5.2
       Fresh brotli-decompressor v4.0.3
       Fresh serde_json v1.0.151
       Fresh quench-regexp v0.1.0 (/Users/admin/Code/GitHub/quench-v2/crates/quench-regexp)
       Fresh openssl-sys v0.9.117
       Fresh num-bigint v0.4.8
       Fresh cpufeatures v0.2.17
       Fresh form_urlencoded v1.2.2
       Fresh json-strip-comments v1.0.4
       Fresh openssl-macros v0.1.1
       Fresh zlib-rs v0.6.8
       Fresh multiversion_no_op v1.0.0
       Fresh sha1 v0.10.7
       Fresh quench-runtime v0.1.0 (/Users/admin/Code/GitHub/quench-v2/crates/quench-runtime)
       Fresh url v2.5.8
       Fresh brotli v7.0.0
       Fresh openssl v0.10.81
       Fresh encoding_rs v0.8.42
       Fresh oxc_resolver v2.1.1
       Fresh flate2 v1.1.10
       Fresh quench-js-check v0.1.0 (/Users/admin/Code/GitHub/quench-v2/crates/quench-js-check)
       Fresh sysinfo v0.32.1
       Fresh zstd v0.13.3
       Fresh base64 v0.22.1
       Fresh hex v0.4.3
   Compiling quench-node v0.1.0 (/Users/admin/Code/GitHub/quench-v2/crates/quench-node)
     Running `rustc --crate-name quench_node --edition=2021 crates/quench-node/src/bin/quench-node.rs --error-format=json --json=diagnostic-rendered-ansi,artifacts,future-incompat --crate-type bin --emit=dep-info,link -C opt-level=3 -C panic=abort -C lto=thin -C codegen-units=1 --cfg 'feature="default"' --check-cfg 'cfg(docsrs,test)' --check-cfg 'cfg(feature, values("default", "profile-memory"))' -C metadata=803c530b0b635160 -C extra-filename=-e52d432a2bcc06c3 --out-dir /Users/admin/Code/GitHub/quench-v2/target/candidate-b/production/deps -C strip=symbols -L dependency=/Users/admin/Code/GitHub/quench-v2/target/candidate-b/production/deps --extern base64=/Users/admin/Code/GitHub/quench-v2/target/candidate-b/production/deps/libbase64-bf7b15b551e8108b.rlib --extern brotli=/Users/admin/Code/GitHub/quench-v2/target/candidate-b/production/deps/libbrotli-41313851bb050852.rlib --extern encoding_rs=/Users/admin/Code/GitHub/quench-v2/target/candidate-b/production/deps/libencoding_rs-f63de4ec16550500.rlib --extern flate2=/Users/admin/Code/GitHub/quench-v2/target/candidate-b/production/deps/libflate2-72d06e63967dd87a.rlib --extern hex=/Users/admin/Code/GitHub/quench-v2/target/candidate-b/production/deps/libhex-72128a0d2c6642d6.rlib --extern idna=/Users/admin/Code/GitHub/quench-v2/target/candidate-b/production/deps/libidna-b9ec21354ddb026f.rlib --extern libc=/Users/admin/Code/GitHub/quench-v2/target/candidate-b/production/deps/liblibc-db159c862360e711.rlib --extern openssl=/Users/admin/Code/GitHub/quench-v2/target/candidate-b/production/deps/libopenssl-5e04bd5eed1b7b08.rlib --extern oxc_resolver=/Users/admin/Code/GitHub/quench-v2/target/candidate-b/production/deps/liboxc_resolver-cacb78cfe2bedc1e.rlib --extern quench_js_check=/Users/admin/Code/GitHub/quench-v2/target/candidate-b/production/deps/libquench_js_check-cbdf5be058ccaeaa.dylib --extern quench_node=/Users/admin/Code/GitHub/quench-v2/target/candidate-b/production/deps/libquench_node-65e501808a2cd6c8.rlib --extern quench_runtime=/Users/admin/Code/GitHub/quench-v2/target/candidate-b/production/deps/libquench_runtime-2912c80655675762.rlib --extern serde_json=/Users/admin/Code/GitHub/quench-v2/target/candidate-b/production/deps/libserde_json-56d6e81b63903260.rlib --extern sha1=/Users/admin/Code/GitHub/quench-v2/target/candidate-b/production/deps/libsha1-eb9efe3c38851047.rlib --extern sysinfo=/Users/admin/Code/GitHub/quench-v2/target/candidate-b/production/deps/libsysinfo-0ec32b1cff0064f7.rlib --extern url=/Users/admin/Code/GitHub/quench-v2/target/candidate-b/production/deps/liburl-dcfd5a52b47a79ef.rlib --extern zstd=/Users/admin/Code/GitHub/quench-v2/target/candidate-b/production/deps/libzstd-91dbccad98e20f09.rlib -C link-arg=-mmacosx-version-min=15.0 -D warnings -L native=/Users/admin/Code/GitHub/quench-v2/target/candidate-b/production/build/zstd-sys-dc679b76d18107d8/out -L 'native=/opt/homebrew/opt/openssl@3/lib'`
    Finished `production` profile [optimized] target(s) in 16.21s
